2026-04-30 22:09:14,758 - aqt.main - INFO - installer 16808 aqtinstall(aqt) v3.3.0 on Python 3.10.11 [CPython MSC v.1929 64 bit (AMD64)]
2026-04-30 22:09:14,759 - aqt.helper - DEBUG - helper 16808 Attempt to download checksum at https://download.qt.io/online/qtsdkrepository/windows_x86/desktop/qt6_653/Updates.xml.sha256
2026-04-30 22:09:17,890 - aqt.helper - DEBUG - helper 9064 Attempt to download checksum at https://download.qt.io/online/qtsdkrepository/windows_x86/desktop/qt6_653/qt.qt6.653.win64_msvc2019_64/6.5.3-0-202309260341qtbase-Windows-Windows_10_22H2-MSVC2019-Windows-Windows_10_22H2-X86_64.7z.sha256
2026-04-30 22:09:17,922 - aqt.helper - DEBUG - helper 5032 Attempt to download checksum at https://download.qt.io/online/qtsdkrepository/windows_x86/desktop/qt6_653/qt.qt6.653.win64_msvc2019_64/6.5.3-0-202309260341qtsvg-Windows-Windows_10_22H2-MSVC2019-Windows-Windows_10_22H2-X86_64.7z.sha256
2026-04-30 22:09:17,950 - aqt.helper - DEBUG - helper 8800 Attempt to download checksum at https://download.qt.io/online/qtsdkrepository/windows_x86/desktop/qt6_653/qt.qt6.653.win64_msvc2019_64/6.5.3-0-202309260341qtdeclarative-Windows-Windows_10_22H2-MSVC2019-Windows-Windows_10_22H2-X86_64.7z.sha256
2026-04-30 22:09:18,014 - aqt.helper - DEBUG - helper 16352 Attempt to download checksum at https://download.qt.io/online/qtsdkrepository/windows_x86/desktop/qt6_653/qt.qt6.653.win64_msvc2019_64/6.5.3-0-202309260341qttools-Windows-Windows_10_22H2-MSVC2019-Windows-Windows_10_22H2-X86_64.7z.sha256
2026-04-30 22:09:18,380 - aqt.helper - INFO - helper 9064 Downloading qtbase...
2026-04-30 22:09:18,380 - aqt.installer - DEBUG - installer 9064 Download URL: https://download.qt.io/online/qtsdkrepository/windows_x86/desktop/qt6_653/qt.qt6.653.win64_msvc2019_64/6.5.3-0-202309260341qtbase-Windows-Windows_10_22H2-MSVC2019-Windows-Windows_10_22H2-X86_64.7z
2026-04-30 22:09:18,437 - aqt.helper - INFO - helper 5032 Downloading qtsvg...
2026-04-30 22:09:18,438 - aqt.installer - DEBUG - installer 5032 Download URL: https://download.qt.io/online/qtsdkrepository/windows_x86/desktop/qt6_653/qt.qt6.653.win64_msvc2019_64/6.5.3-0-202309260341qtsvg-Windows-Windows_10_22H2-MSVC2019-Windows-Windows_10_22H2-X86_64.7z
2026-04-30 22:09:18,443 - aqt.helper - INFO - helper 8800 Downloading qtdeclarative...
2026-04-30 22:09:18,444 - aqt.installer - DEBUG - installer 8800 Download URL: https://download.qt.io/online/qtsdkrepository/windows_x86/desktop/qt6_653/qt.qt6.653.win64_msvc2019_64/6.5.3-0-202309260341qtdeclarative-Windows-Windows_10_22H2-MSVC2019-Windows-Windows_10_22H2-X86_64.7z
2026-04-30 22:09:18,515 - aqt.helper - INFO - helper 16352 Downloading qttools...
2026-04-30 22:09:18,516 - aqt.installer - DEBUG - installer 16352 Download URL: https://download.qt.io/online/qtsdkrepository/windows_x86/desktop/qt6_653/qt.qt6.653.win64_msvc2019_64/6.5.3-0-202309260341qttools-Windows-Windows_10_22H2-MSVC2019-Windows-Windows_10_22H2-X86_64.7z
2026-04-30 22:09:19,287 - aqt.helper - DEBUG - helper 9064 Asked to redirect(302) to: https://qtproject.mirror.liquidtelecom.com/online/qtsdkrepository/windows_x86/desktop/qt6_653/qt.qt6.653.win64_msvc2019_64/6.5.3-0-202309260341qtbase-Windows-Windows_10_22H2-MSVC2019-Windows-Windows_10_22H2-X86_64.7z
2026-04-30 22:09:19,287 - aqt.helper - INFO - helper 9064 Redirected: qtproject.mirror.liquidtelecom.com
2026-04-30 22:09:19,368 - aqt.helper - DEBUG - helper 5032 Asked to redirect(302) to: https://qtproject.mirror.liquidtelecom.com/online/qtsdkrepository/windows_x86/desktop/qt6_653/qt.qt6.653.win64_msvc2019_64/6.5.3-0-202309260341qtsvg-Windows-Windows_10_22H2-MSVC2019-Windows-Windows_10_22H2-X86_64.7z
2026-04-30 22:09:19,368 - aqt.helper - INFO - helper 5032 Redirected: qtproject.mirror.liquidtelecom.com
2026-04-30 22:09:19,370 - aqt.helper - DEBUG - helper 8800 Asked to redirect(302) to: https://qtproject.mirror.liquidtelecom.com/online/qtsdkrepository/windows_x86/desktop/qt6_653/qt.qt6.653.win64_msvc2019_64/6.5.3-0-202309260341qtdeclarative-Windows-Windows_10_22H2-MSVC2019-Windows-Windows_10_22H2-X86_64.7z
2026-04-30 22:09:19,370 - aqt.helper - INFO - helper 8800 Redirected: qtproject.mirror.liquidtelecom.com
2026-04-30 22:09:19,388 - aqt.helper - DEBUG - helper 16352 Asked to redirect(302) to: https://qtproject.mirror.liquidtelecom.com/online/qtsdkrepository/windows_x86/desktop/qt6_653/qt.qt6.653.win64_msvc2019_64/6.5.3-0-202309260341qttools-Windows-Windows_10_22H2-MSVC2019-Windows-Windows_10_22H2-X86_64.7z
2026-04-30 22:09:19,388 - aqt.helper - INFO - helper 16352 Redirected: qtproject.mirror.liquidtelecom.com
2026-04-30 22:09:22,179 - aqt.installer - INFO - installer 5032 Finished installation of qtsvg-Windows-Windows_10_22H2-MSVC2019-Windows-Windows_10_22H2-X86_64.7z in 4.26128040
2026-04-30 22:09:22,199 - aqt.helper - DEBUG - helper 5032 Attempt to download checksum at https://download.qt.io/online/qtsdkrepository/windows_x86/desktop/qt6_653/qt.qt6.653.win64_msvc2019_64/6.5.3-0-202309260341qttranslations-Windows-Windows_10_22H2-MSVC2019-Windows-Windows_10_22H2-X86_64.7z.sha256
2026-04-30 22:09:23,883 - aqt.helper - INFO - helper 5032 Downloading qttranslations...
2026-04-30 22:09:23,884 - aqt.installer - DEBUG - installer 5032 Download URL: https://download.qt.io/online/qtsdkrepository/windows_x86/desktop/qt6_653/qt.qt6.653.win64_msvc2019_64/6.5.3-0-202309260341qttranslations-Windows-Windows_10_22H2-MSVC2019-Windows-Windows_10_22H2-X86_64.7z
2026-04-30 22:09:27,062 - aqt.helper - DEBUG - helper 5032 Asked to redirect(302) to: https://qtproject.mirror.liquidtelecom.com/online/qtsdkrepository/windows_x86/desktop/qt6_653/qt.qt6.653.win64_msvc2019_64/6.5.3-0-202309260341qttranslations-Windows-Windows_10_22H2-MSVC2019-Windows-Windows_10_22H2-X86_64.7z
2026-04-30 22:09:27,063 - aqt.helper - INFO - helper 5032 Redirected: qtproject.mirror.liquidtelecom.com
2026-04-30 22:09:47,249 - aqt.installer - INFO - installer 5032 Finished installation of qttranslations-Windows-Windows_10_22H2-MSVC2019-Windows-Windows_10_22H2-X86_64.7z in 25.05497410
2026-04-30 22:09:47,271 - aqt.helper - DEBUG - helper 5032 Attempt to download checksum at https://download.qt.io/online/qtsdkrepository/windows_x86/desktop/qt6_653/qt.qt6.653.win64_msvc2019_64/6.5.3-0-202309260341d3dcompiler_47-x64.7z.sha256
2026-04-30 22:09:50,154 - aqt.helper - INFO - helper 5032 Downloading d3dcompiler_47...
2026-04-30 22:09:50,155 - aqt.installer - DEBUG - installer 5032 Download URL: https://download.qt.io/online/qtsdkrepository/windows_x86/desktop/qt6_653/qt.qt6.653.win64_msvc2019_64/6.5.3-0-202309260341d3dcompiler_47-x64.7z
2026-04-30 22:09:50,807 - aqt.helper - DEBUG - helper 5032 Asked to redirect(302) to: https://qtproject.mirror.liquidtelecom.com/online/qtsdkrepository/windows_x86/desktop/qt6_653/qt.qt6.653.win64_msvc2019_64/6.5.3-0-202309260341d3dcompiler_47-x64.7z
2026-04-30 22:09:50,807 - aqt.helper - INFO - helper 5032 Redirected: qtproject.mirror.liquidtelecom.com
2026-04-30 22:10:01,969 - aqt.installer - INFO - installer 5032 Finished installation of d3dcompiler_47-x64.7z in 14.70270760
2026-04-30 22:10:01,994 - aqt.helper - DEBUG - helper 5032 Attempt to download checksum at https://download.qt.io/online/qtsdkrepository/windows_x86/desktop/qt6_653/qt.qt6.653.win64_msvc2019_64/6.5.3-0-202309260341opengl32sw-64-mesa_11_2_2-signed_sha256.7z.sha256
2026-04-30 22:10:03,076 - aqt.helper - INFO - helper 5032 Downloading opengl32sw...
2026-04-30 22:10:03,076 - aqt.installer - DEBUG - installer 5032 Download URL: https://download.qt.io/online/qtsdkrepository/windows_x86/desktop/qt6_653/qt.qt6.653.win64_msvc2019_64/6.5.3-0-202309260341opengl32sw-64-mesa_11_2_2-signed_sha256.7z
2026-04-30 22:10:04,145 - aqt.helper - DEBUG - helper 5032 Asked to redirect(302) to: https://qtproject.mirror.liquidtelecom.com/online/qtsdkrepository/windows_x86/desktop/qt6_653/qt.qt6.653.win64_msvc2019_64/6.5.3-0-202309260341opengl32sw-64-mesa_11_2_2-signed_sha256.7z
2026-04-30 22:10:04,145 - aqt.helper - INFO - helper 5032 Redirected: qtproject.mirror.liquidtelecom.com
2026-04-30 22:10:14,959 - aqt.installer - INFO - installer 16352 Finished installation of qttools-Windows-Windows_10_22H2-MSVC2019-Windows-Windows_10_22H2-X86_64.7z in 56.94831630
2026-04-30 22:10:28,284 - aqt.installer - INFO - installer 5032 Finished installation of opengl32sw-64-mesa_11_2_2-signed_sha256.7z in 26.29593560
2026-04-30 22:10:50,798 - aqt.installer - INFO - installer 9064 Finished installation of qtbase-Windows-Windows_10_22H2-MSVC2019-Windows-Windows_10_22H2-X86_64.7z in 92.91178320
2026-04-30 22:11:06,865 - aqt.installer - INFO - installer 8800 Finished installation of qtdeclarative-Windows-Windows_10_22H2-MSVC2019-Windows-Windows_10_22H2-X86_64.7z in 108.91780310
2026-04-30 22:11:07,186 - aqt.updater - INFO - updater 16808 Patching C:\Qt\6.5.3\msvc2019_64\bin\qmake.exe
2026-04-30 22:11:07,192 - aqt.updater - INFO - updater 16808 Patching C:\Qt\6.5.3\msvc2019_64\lib\Qt6Concurrent.prl
2026-04-30 22:11:07,194 - aqt.updater - INFO - updater 16808 Patching C:\Qt\6.5.3\msvc2019_64\lib\Qt6Concurrentd.prl
2026-04-30 22:11:07,195 - aqt.updater - INFO - updater 16808 Patching C:\Qt\6.5.3\msvc2019_64\lib\Qt6Core.prl
2026-04-30 22:11:07,196 - aqt.updater - INFO - updater 16808 Patching C:\Qt\6.5.3\msvc2019_64\lib\Qt6Cored.prl
2026-04-30 22:11:07,197 - aqt.updater - INFO - updater 16808 Patching C:\Qt\6.5.3\msvc2019_64\lib\Qt6DBus.prl
2026-04-30 22:11:07,198 - aqt.updater - INFO - updater 16808 Patching C:\Qt\6.5.3\msvc2019_64\lib\Qt6DBusd.prl
2026-04-30 22:11:07,198 - aqt.updater - INFO - updater 16808 Patching C:\Qt\6.5.3\msvc2019_64\lib\Qt6Designer.prl
2026-04-30 22:11:07,199 - aqt.updater - INFO - updater 16808 Patching C:\Qt\6.5.3\msvc2019_64\lib\Qt6DesignerComponents.prl
2026-04-30 22:11:07,200 - aqt.updater - INFO - updater 16808 Patching C:\Qt\6.5.3\msvc2019_64\lib\Qt6DesignerComponentsd.prl
2026-04-30 22:11:07,201 - aqt.updater - INFO - updater 16808 Patching C:\Qt\6.5.3\msvc2019_64\lib\Qt6Designerd.prl
2026-04-30 22:11:07,201 - aqt.updater - INFO - updater 16808 Patching C:\Qt\6.5.3\msvc2019_64\lib\Qt6DeviceDiscoverySupport.prl
2026-04-30 22:11:07,202 - aqt.updater - INFO - updater 16808 Patching C:\Qt\6.5.3\msvc2019_64\lib\Qt6DeviceDiscoverySupportd.prl
2026-04-30 22:11:07,203 - aqt.updater - INFO - updater 16808 Patching C:\Qt\6.5.3\msvc2019_64\lib\Qt6EntryPoint.prl
2026-04-30 22:11:07,204 - aqt.updater - INFO - updater 16808 Patching C:\Qt\6.5.3\msvc2019_64\lib\Qt6EntryPointd.prl
2026-04-30 22:11:07,205 - aqt.updater - INFO - updater 16808 Patching C:\Qt\6.5.3\msvc2019_64\lib\Qt6ExampleIcons.prl
2026-04-30 22:11:07,206 - aqt.updater - INFO - updater 16808 Patching C:\Qt\6.5.3\msvc2019_64\lib\Qt6ExampleIconsd.prl
2026-04-30 22:11:07,206 - aqt.updater - INFO - updater 16808 Patching C:\Qt\6.5.3\msvc2019_64\lib\Qt6FbSupport.prl
2026-04-30 22:11:07,207 - aqt.updater - INFO - updater 16808 Patching C:\Qt\6.5.3\msvc2019_64\lib\Qt6FbSupportd.prl
2026-04-30 22:11:07,208 - aqt.updater - INFO - updater 16808 Patching C:\Qt\6.5.3\msvc2019_64\lib\Qt6Gui.prl
2026-04-30 22:11:07,209 - aqt.updater - INFO - updater 16808 Patching C:\Qt\6.5.3\msvc2019_64\lib\Qt6Guid.prl
2026-04-30 22:11:07,225 - aqt.updater - INFO - updater 16808 Patching C:\Qt\6.5.3\msvc2019_64\lib\Qt6Help.prl
2026-04-30 22:11:07,227 - aqt.updater - INFO - updater 16808 Patching C:\Qt\6.5.3\msvc2019_64\lib\Qt6Helpd.prl
2026-04-30 22:11:07,228 - aqt.updater - INFO - updater 16808 Patching C:\Qt\6.5.3\msvc2019_64\lib\Qt6LabsAnimation.prl
2026-04-30 22:11:07,230 - aqt.updater - INFO - updater 16808 Patching C:\Qt\6.5.3\msvc2019_64\lib\Qt6LabsAnimationd.prl
2026-04-30 22:11:07,231 - aqt.updater - INFO - updater 16808 Patching C:\Qt\6.5.3\msvc2019_64\lib\Qt6LabsFolderListModel.prl
2026-04-30 22:11:07,232 - aqt.updater - INFO - updater 16808 Patching C:\Qt\6.5.3\msvc2019_64\lib\Qt6LabsFolderListModeld.prl
2026-04-30 22:11:07,233 - aqt.updater - INFO - updater 16808 Patching C:\Qt\6.5.3\msvc2019_64\lib\Qt6LabsQmlModels.prl
2026-04-30 22:11:07,234 - aqt.updater - INFO - updater 16808 Patching C:\Qt\6.5.3\msvc2019_64\lib\Qt6LabsQmlModelsd.prl
2026-04-30 22:11:07,235 - aqt.updater - INFO - updater 16808 Patching C:\Qt\6.5.3\msvc2019_64\lib\Qt6LabsSettings.prl
2026-04-30 22:11:07,236 - aqt.updater - INFO - updater 16808 Patching C:\Qt\6.5.3\msvc2019_64\lib\Qt6LabsSettingsd.prl
2026-04-30 22:11:07,237 - aqt.updater - INFO - updater 16808 Patching C:\Qt\6.5.3\msvc2019_64\lib\Qt6LabsSharedImage.prl
2026-04-30 22:11:07,238 - aqt.updater - INFO - updater 16808 Patching C:\Qt\6.5.3\msvc2019_64\lib\Qt6LabsSharedImaged.prl
2026-04-30 22:11:07,239 - aqt.updater - INFO - updater 16808 Patching C:\Qt\6.5.3\msvc2019_64\lib\Qt6LabsWavefrontMesh.prl
2026-04-30 22:11:07,240 - aqt.updater - INFO - updater 16808 Patching C:\Qt\6.5.3\msvc2019_64\lib\Qt6LabsWavefrontMeshd.prl
2026-04-30 22:11:07,241 - aqt.updater - INFO - updater 16808 Patching C:\Qt\6.5.3\msvc2019_64\lib\Qt6Network.prl
2026-04-30 22:11:07,242 - aqt.updater - INFO - updater 16808 Patching C:\Qt\6.5.3\msvc2019_64\lib\Qt6Networkd.prl
2026-04-30 22:11:07,244 - aqt.updater - INFO - updater 16808 Patching C:\Qt\6.5.3\msvc2019_64\lib\Qt6OpenGL.prl
2026-04-30 22:11:07,246 - aqt.updater - INFO - updater 16808 Patching C:\Qt\6.5.3\msvc2019_64\lib\Qt6OpenGLd.prl
2026-04-30 22:11:07,247 - aqt.updater - INFO - updater 16808 Patching C:\Qt\6.5.3\msvc2019_64\lib\Qt6OpenGLWidgets.prl
2026-04-30 22:11:07,248 - aqt.updater - INFO - updater 16808 Patching C:\Qt\6.5.3\msvc2019_64\lib\Qt6OpenGLWidgetsd.prl
2026-04-30 22:11:07,249 - aqt.updater - INFO - updater 16808 Patching C:\Qt\6.5.3\msvc2019_64\lib\Qt6PacketProtocol.prl
2026-04-30 22:11:07,250 - aqt.updater - INFO - updater 16808 Patching C:\Qt\6.5.3\msvc2019_64\lib\Qt6PacketProtocold.prl
2026-04-30 22:11:07,251 - aqt.updater - INFO - updater 16808 Patching C:\Qt\6.5.3\msvc2019_64\lib\Qt6PrintSupport.prl
2026-04-30 22:11:07,252 - aqt.updater - INFO - updater 16808 Patching C:\Qt\6.5.3\msvc2019_64\lib\Qt6PrintSupportd.prl
2026-04-30 22:11:07,255 - aqt.updater - INFO - updater 16808 Patching C:\Qt\6.5.3\msvc2019_64\lib\Qt6Qml.prl
2026-04-30 22:11:07,256 - aqt.updater - INFO - updater 16808 Patching C:\Qt\6.5.3\msvc2019_64\lib\Qt6QmlCompiler.prl
2026-04-30 22:11:07,257 - aqt.updater - INFO - updater 16808 Patching C:\Qt\6.5.3\msvc2019_64\lib\Qt6QmlCompilerd.prl
2026-04-30 22:11:07,258 - aqt.updater - INFO - updater 16808 Patching C:\Qt\6.5.3\msvc2019_64\lib\Qt6QmlCore.prl
2026-04-30 22:11:07,259 - aqt.updater - INFO - updater 16808 Patching C:\Qt\6.5.3\msvc2019_64\lib\Qt6QmlCored.prl
2026-04-30 22:11:07,261 - aqt.updater - INFO - updater 16808 Patching C:\Qt\6.5.3\msvc2019_64\lib\Qt6Qmld.prl
2026-04-30 22:11:07,262 - aqt.updater - INFO - updater 16808 Patching C:\Qt\6.5.3\msvc2019_64\lib\Qt6QmlDebug.prl
2026-04-30 22:11:07,263 - aqt.updater - INFO - updater 16808 Patching C:\Qt\6.5.3\msvc2019_64\lib\Qt6QmlDebugd.prl
2026-04-30 22:11:07,264 - aqt.updater - INFO - updater 16808 Patching C:\Qt\6.5.3\msvc2019_64\lib\Qt6QmlDom.prl
2026-04-30 22:11:07,265 - aqt.updater - INFO - updater 16808 Patching C:\Qt\6.5.3\msvc2019_64\lib\Qt6QmlDomd.prl
2026-04-30 22:11:07,266 - aqt.updater - INFO - updater 16808 Patching C:\Qt\6.5.3\msvc2019_64\lib\Qt6QmlLocalStorage.prl
2026-04-30 22:11:07,268 - aqt.updater - INFO - updater 16808 Patching C:\Qt\6.5.3\msvc2019_64\lib\Qt6QmlLocalStoraged.prl
2026-04-30 22:11:07,269 - aqt.updater - INFO - updater 16808 Patching C:\Qt\6.5.3\msvc2019_64\lib\Qt6QmlModels.prl
2026-04-30 22:11:07,270 - aqt.updater - INFO - updater 16808 Patching C:\Qt\6.5.3\msvc2019_64\lib\Qt6QmlModelsd.prl
2026-04-30 22:11:07,271 - aqt.updater - INFO - updater 16808 Patching C:\Qt\6.5.3\msvc2019_64\lib\Qt6QmlTypeRegistrar.prl
2026-04-30 22:11:07,272 - aqt.updater - INFO - updater 16808 Patching C:\Qt\6.5.3\msvc2019_64\lib\Qt6QmlTypeRegistrard.prl
2026-04-30 22:11:07,273 - aqt.updater - INFO - updater 16808 Patching C:\Qt\6.5.3\msvc2019_64\lib\Qt6QmlWorkerScript.prl
2026-04-30 22:11:07,275 - aqt.updater - INFO - updater 16808 Patching C:\Qt\6.5.3\msvc2019_64\lib\Qt6QmlWorkerScriptd.prl
2026-04-30 22:11:07,278 - aqt.updater - INFO - updater 16808 Patching C:\Qt\6.5.3\msvc2019_64\lib\Qt6QmlXmlListModel.prl
2026-04-30 22:11:07,279 - aqt.updater - INFO - updater 16808 Patching C:\Qt\6.5.3\msvc2019_64\lib\Qt6QmlXmlListModeld.prl
2026-04-30 22:11:07,280 - aqt.updater - INFO - updater 16808 Patching C:\Qt\6.5.3\msvc2019_64\lib\Qt6Quick.prl
2026-04-30 22:11:07,281 - aqt.updater - INFO - updater 16808 Patching C:\Qt\6.5.3\msvc2019_64\lib\Qt6QuickControls2.prl
2026-04-30 22:11:07,282 - aqt.updater - INFO - updater 16808 Patching C:\Qt\6.5.3\msvc2019_64\lib\Qt6QuickControls2d.prl
2026-04-30 22:11:07,283 - aqt.updater - INFO - updater 16808 Patching C:\Qt\6.5.3\msvc2019_64\lib\Qt6QuickControls2Impl.prl
2026-04-30 22:11:07,284 - aqt.updater - INFO - updater 16808 Patching C:\Qt\6.5.3\msvc2019_64\lib\Qt6QuickControls2Impld.prl
2026-04-30 22:11:07,285 - aqt.updater - INFO - updater 16808 Patching C:\Qt\6.5.3\msvc2019_64\lib\Qt6QuickControlsTestUtils.prl
2026-04-30 22:11:07,286 - aqt.updater - INFO - updater 16808 Patching C:\Qt\6.5.3\msvc2019_64\lib\Qt6QuickControlsTestUtilsd.prl
2026-04-30 22:11:07,288 - aqt.updater - INFO - updater 16808 Patching C:\Qt\6.5.3\msvc2019_64\lib\Qt6Quickd.prl
2026-04-30 22:11:07,289 - aqt.updater - INFO - updater 16808 Patching C:\Qt\6.5.3\msvc2019_64\lib\Qt6QuickDialogs2.prl
2026-04-30 22:11:07,290 - aqt.updater - INFO - updater 16808 Patching C:\Qt\6.5.3\msvc2019_64\lib\Qt6QuickDialogs2d.prl
2026-04-30 22:11:07,291 - aqt.updater - INFO - updater 16808 Patching C:\Qt\6.5.3\msvc2019_64\lib\Qt6QuickDialogs2QuickImpl.prl
2026-04-30 22:11:07,292 - aqt.updater - INFO - updater 16808 Patching C:\Qt\6.5.3\msvc2019_64\lib\Qt6QuickDialogs2QuickImpld.prl
2026-04-30 22:11:07,295 - aqt.updater - INFO - updater 16808 Patching C:\Qt\6.5.3\msvc2019_64\lib\Qt6QuickDialogs2Utils.prl
2026-04-30 22:11:07,296 - aqt.updater - INFO - updater 16808 Patching C:\Qt\6.5.3\msvc2019_64\lib\Qt6QuickDialogs2Utilsd.prl
2026-04-30 22:11:07,297 - aqt.updater - INFO - updater 16808 Patching C:\Qt\6.5.3\msvc2019_64\lib\Qt6QuickEffects.prl
2026-04-30 22:11:07,297 - aqt.updater - INFO - updater 16808 Patching C:\Qt\6.5.3\msvc2019_64\lib\Qt6QuickEffectsd.prl
2026-04-30 22:11:07,298 - aqt.updater - INFO - updater 16808 Patching C:\Qt\6.5.3\msvc2019_64\lib\Qt6QuickLayouts.prl
2026-04-30 22:11:07,299 - aqt.updater - INFO - updater 16808 Patching C:\Qt\6.5.3\msvc2019_64\lib\Qt6QuickLayoutsd.prl
2026-04-30 22:11:07,300 - aqt.updater - INFO - updater 16808 Patching C:\Qt\6.5.3\msvc2019_64\lib\Qt6QuickParticles.prl
2026-04-30 22:11:07,301 - aqt.updater - INFO - updater 16808 Patching C:\Qt\6.5.3\msvc2019_64\lib\Qt6QuickParticlesd.prl
2026-04-30 22:11:07,302 - aqt.updater - INFO - updater 16808 Patching C:\Qt\6.5.3\msvc2019_64\lib\Qt6QuickShapes.prl
2026-04-30 22:11:07,303 - aqt.updater - INFO - updater 16808 Patching C:\Qt\6.5.3\msvc2019_64\lib\Qt6QuickShapesd.prl
2026-04-30 22:11:07,304 - aqt.updater - INFO - updater 16808 Patching C:\Qt\6.5.3\msvc2019_64\lib\Qt6QuickTemplates2.prl
2026-04-30 22:11:07,306 - aqt.updater - INFO - updater 16808 Patching C:\Qt\6.5.3\msvc2019_64\lib\Qt6QuickTemplates2d.prl
2026-04-30 22:11:07,307 - aqt.updater - INFO - updater 16808 Patching C:\Qt\6.5.3\msvc2019_64\lib\Qt6QuickTest.prl
2026-04-30 22:11:07,307 - aqt.updater - INFO - updater 16808 Patching C:\Qt\6.5.3\msvc2019_64\lib\Qt6QuickTestd.prl
2026-04-30 22:11:07,309 - aqt.updater - INFO - updater 16808 Patching C:\Qt\6.5.3\msvc2019_64\lib\Qt6QuickTestUtils.prl
2026-04-30 22:11:07,311 - aqt.updater - INFO - updater 16808 Patching C:\Qt\6.5.3\msvc2019_64\lib\Qt6QuickTestUtilsd.prl
2026-04-30 22:11:07,312 - aqt.updater - INFO - updater 16808 Patching C:\Qt\6.5.3\msvc2019_64\lib\Qt6QuickWidgets.prl
2026-04-30 22:11:07,313 - aqt.updater - INFO - updater 16808 Patching C:\Qt\6.5.3\msvc2019_64\lib\Qt6QuickWidgetsd.prl
2026-04-30 22:11:07,314 - aqt.updater - INFO - updater 16808 Patching C:\Qt\6.5.3\msvc2019_64\lib\Qt6Sql.prl
2026-04-30 22:11:07,315 - aqt.updater - INFO - updater 16808 Patching C:\Qt\6.5.3\msvc2019_64\lib\Qt6Sqld.prl
2026-04-30 22:11:07,316 - aqt.updater - INFO - updater 16808 Patching C:\Qt\6.5.3\msvc2019_64\lib\Qt6Svg.prl
2026-04-30 22:11:07,316 - aqt.updater - INFO - updater 16808 Patching C:\Qt\6.5.3\msvc2019_64\lib\Qt6Svgd.prl
2026-04-30 22:11:07,318 - aqt.updater - INFO - updater 16808 Patching C:\Qt\6.5.3\msvc2019_64\lib\Qt6SvgWidgets.prl
2026-04-30 22:11:07,318 - aqt.updater - INFO - updater 16808 Patching C:\Qt\6.5.3\msvc2019_64\lib\Qt6SvgWidgetsd.prl
2026-04-30 22:11:07,319 - aqt.updater - INFO - updater 16808 Patching C:\Qt\6.5.3\msvc2019_64\lib\Qt6Test.prl
2026-04-30 22:11:07,320 - aqt.updater - INFO - updater 16808 Patching C:\Qt\6.5.3\msvc2019_64\lib\Qt6Testd.prl
2026-04-30 22:11:07,321 - aqt.updater - INFO - updater 16808 Patching C:\Qt\6.5.3\msvc2019_64\lib\Qt6UiTools.prl
2026-04-30 22:11:07,322 - aqt.updater - INFO - updater 16808 Patching C:\Qt\6.5.3\msvc2019_64\lib\Qt6UiToolsd.prl
2026-04-30 22:11:07,323 - aqt.updater - INFO - updater 16808 Patching C:\Qt\6.5.3\msvc2019_64\lib\Qt6Widgets.prl
2026-04-30 22:11:07,324 - aqt.updater - INFO - updater 16808 Patching C:\Qt\6.5.3\msvc2019_64\lib\Qt6Widgetsd.prl
2026-04-30 22:11:07,326 - aqt.updater - INFO - updater 16808 Patching C:\Qt\6.5.3\msvc2019_64\lib\Qt6Xml.prl
2026-04-30 22:11:07,328 - aqt.updater - INFO - updater 16808 Patching C:\Qt\6.5.3\msvc2019_64\lib\Qt6Xmld.prl
2026-04-30 22:11:07,329 - aqt.main - INFO - installer 16808 Finished installation
2026-04-30 22:11:07,330 - aqt.main - INFO - installer 16808 Time elapsed: 112.57124890 second
